LENOVO@DESKTOP-R67VV48 MINGW64 /d/SpringBootWorkspace/SampleProjGit
$ git init
Initialized empty Git repository in D:/SpringBootWorkspace/SampleProjGit/.git/

LENOVO@DESKTOP-R67VV48 MINGW64 /d/SpringBootWorkspace/SampleProjGit (master)
$ git add .

LENOVO@DESKTOP-R67VV48 MINGW64 /d/SpringBootWorkspace/SampleProjGit (master)
$ git status
On branch master

No commits yet

Changes to be committed:
  (use "git rm --cached <file>..." to unstage)
        new file:   .classpath
        new file:   .project
        new file:   .settings/org.eclipse.core.resources.prefs
        new file:   .settings/org.eclipse.jdt.core.prefs
        new file:   bin/com/jbk/Test1.class
        new file:   bin/com/jbk/Test2.class
        new file:   src/com/jbk/Test1.java
        new file:   src/com/jbk/Test2.java


LENOVO@DESKTOP-R67VV48 MINGW64 /d/SpringBootWorkspace/SampleProjGit (master)
$ git rm --cached .settings/org.eclipse.core.resources.prefs
rm '.settings/org.eclipse.core.resources.prefs'

LENOVO@DESKTOP-R67VV48 MINGW64 /d/SpringBootWorkspace/SampleProjGit (master)
$ git rm --cached .settings/org.eclipse.jdt.core.prefs
rm '.settings/org.eclipse.jdt.core.prefs'

LENOVO@DESKTOP-R67VV48 MINGW64 /d/SpringBootWorkspace/SampleProjGit (master)
$ git rm --cached .classpath
rm '.classpath'

LENOVO@DESKTOP-R67VV48 MINGW64 /d/SpringBootWorkspace/SampleProjGit (master)
$ git rm --cached .project
rm '.project'

LENOVO@DESKTOP-R67VV48 MINGW64 /d/SpringBootWorkspace/SampleProjGit (master)
$ git status
On branch master

No commits yet

Changes to be committed:
  (use "git rm --cached <file>..." to unstage)
        new file:   bin/com/jbk/Test1.class
        new file:   bin/com/jbk/Test2.class
        new file:   src/com/jbk/Test1.java
        new file:   src/com/jbk/Test2.java

Untracked files:
  (use "git add <file>..." to include in what will be committed)
        .classpath
        .project
        .settings/


LENOVO@DESKTOP-R67VV48 MINGW64 /d/SpringBootWorkspace/SampleProjGit (master)
$ git commit -m "initial"
[master (root-commit) af91573] initial
 4 files changed, 23 insertions(+)
 create mode 100644 bin/com/jbk/Test1.class
 create mode 100644 bin/com/jbk/Test2.class
 create mode 100644 src/com/jbk/Test1.java
 create mode 100644 src/com/jbk/Test2.java

LENOVO@DESKTOP-R67VV48 MINGW64 /d/SpringBootWorkspace/SampleProjGit (master)
$ git remote add origin https://github.com/vaishali23mm/SampleProjGit.git

LENOVO@DESKTOP-R67VV48 MINGW64 /d/SpringBootWorkspace/SampleProjGit (master)
$ git push -u origin main
error: src refspec main does not match any
error: failed to push some refs to 'https://github.com/vaishali23mm/SampleProjGit.git'

LENOVO@DESKTOP-R67VV48 MINGW64 /d/SpringBootWorkspace/SampleProjGit (master)
$ git push -u origin main --force
error: src refspec main does not match any
error: failed to push some refs to 'https://github.com/vaishali23mm/SampleProjGit.git'

LENOVO@DESKTOP-R67VV48 MINGW64 /d/SpringBootWorkspace/SampleProjGit (master)
$ ^C

LENOVO@DESKTOP-R67VV48 MINGW64 /d/SpringBootWorkspace/SampleProjGit (master)
$ git branch -b
error: unknown switch `b'
usage: git branch [<options>] [-r | -a] [--merged] [--no-merged]
   or: git branch [<options>] [-f] [--recurse-submodules] <branch-name> [<start-point>]
   or: git branch [<options>] [-l] [<pattern>...]
   or: git branch [<options>] [-r] (-d | -D) <branch-name>...
   or: git branch [<options>] (-m | -M) [<old-branch>] <new-branch>
   or: git branch [<options>] (-c | -C) [<old-branch>] <new-branch>
   or: git branch [<options>] [-r | -a] [--points-at]
   or: git branch [<options>] [-r | -a] [--format]

Generic options
    -v, --[no-]verbose    show hash and subject, give twice for upstream branch
    -q, --[no-]quiet      suppress informational messages
    -t, --[no-]track[=(direct|inherit)]
                          set branch tracking configuration
    -u, --[no-]set-upstream-to <upstream>
                          change the upstream info
    --[no-]unset-upstream unset the upstream info
    --[no-]color[=<when>] use colored output
    -r, --remotes         act on remote-tracking branches
    --contains <commit>   print only branches that contain the commit
    --no-contains <commit>
                          print only branches that don't contain the commit
    --[no-]abbrev[=<n>]   use <n> digits to display object names

Specific git-branch actions:
    -a, --all             list both remote-tracking and local branches
    -d, --[no-]delete     delete fully merged branch
    -D                    delete branch (even if not merged)
    -m, --[no-]move       move/rename a branch and its reflog
    -M                    move/rename a branch, even if target exists
    --[no-]omit-empty     do not output a newline after empty formatted refs
    -c, --[no-]copy       copy a branch and its reflog
    -C                    copy a branch, even if target exists
    -l, --[no-]list       list branch names
    --[no-]show-current   show current branch name
    --[no-]create-reflog  create the branch's reflog
    --[no-]edit-description
                          edit the description for the branch
    -f, --[no-]force      force creation, move/rename, deletion
    --merged <commit>     print only branches that are merged
    --no-merged <commit>  print only branches that are not merged
    --[no-]column[=<style>]
                          list branches in columns
    --[no-]sort <key>     field name to sort on
    --[no-]points-at <object>
                          print only branches of the object
    -i, --[no-]ignore-case
                          sorting and filtering are case insensitive
    --[no-]recurse-submodules
                          recurse through submodules
    --[no-]format <format>
                          format to use for the output


LENOVO@DESKTOP-R67VV48 MINGW64 /d/SpringBootWorkspace/SampleProjGit (master)
$ git branch - b
fatal: '-' is not a valid branch name

LENOVO@DESKTOP-R67VV48 MINGW64 /d/SpringBootWorkspace/SampleProjGit (master)
$ git branch
* master

LENOVO@DESKTOP-R67VV48 MINGW64 /d/SpringBootWorkspace/SampleProjGit (master)
$ git push -u origin master
Enumerating objects: 12, done.
Counting objects: 100% (12/12), done.
Delta compression using up to 4 threads
Compressing objects: 100% (8/8), done.
Writing objects: 100% (12/12), 1.20 KiB | 306.00 KiB/s, done.
Total 12 (delta 1), reused 0 (delta 0), pack-reused 0 (from 0)
remote: Resolving deltas: 100% (1/1), done.
To https://github.com/vaishali23mm/SampleProjGit.git
 * [new branch]      master -> master
branch 'master' set up to track 'origin/master'.

LENOVO@DESKTOP-R67VV48 MINGW64 /d/SpringBootWorkspace/SampleProjGit (master)
$ git branch
* master

LENOVO@DESKTOP-R67VV48 MINGW64 /d/SpringBootWorkspace/SampleProjGit (master)
$
